Microchip MPLAB XC8 Compiler V2.31

Linker command line:

-W-3 --edf=C:\Program Files\Microchip\xc8\v2.31\pic\dat\en_msgs.txt -cn \
  -h+dist/default/production\PIC16F877A_Enternal_Interrupts.X.production.sym \
  --cmf=dist/default/production\PIC16F877A_Enternal_Interrupts.X.production.cmf \
  -z -Q16F877A -oC:\Users\HASAN\AppData\Local\Temp\s8ho.2 \
  --defsym=__MPLAB_BUILD=1 \
  -Mdist/default/production/PIC16F877A_Enternal_Interrupts.X.production.map \
  -E1 -ver=XC8 Compiler --acfsm=1493 -ASTACK=0110h-016Fh -pstack=STACK \
  -ACODE=00h-07FFhx4 -ASTRCODE=00h-01FFFh -ASTRING=00h-0FFhx32 \
  -ACONST=00h-0FFhx32 -AENTRY=00h-0FFhx32 -ACOMMON=070h-07Fh \
  -ABANK0=020h-06Fh -ABANK1=0A0h-0EFh -ABANK2=0110h-016Fh \
  -ABANK3=0190h-01EFh -ARAM=020h-06Fh,0A0h-0EFh,0110h-016Fh,0190h-01EFh \
  -AABS1=020h-07Fh,0A0h-0EFh,0110h-016Fh,0190h-01EFh -ASFR0=00h-01Fh \
  -ASFR1=080h-09Fh -ASFR2=0100h-010Fh -ASFR3=0180h-018Fh \
  -ACONFIG=02007h-02007h -DCONFIG=2 -AIDLOC=02000h-02003h -DIDLOC=2 \
  -AEEDATA=00h-0FFh/02100h -peeprom_data=EEDATA -DEEDATA=2 -DCODE=2 \
  -DSTRCODE=2 -DSTRING=2 -DCONST=2 -DENTRY=2 \
  -preset_vec=00h,intentry=04h,init,end_init -ppowerup=CODE -pcinit=CODE \
  -pfunctab=ENTRY -k C:\Users\HASAN\AppData\Local\Temp\s8ho.o \
  dist/default/production\PIC16F877A_Enternal_Interrupts.X.production.o 

Object code version is 3.11

Machine type is 16F877A



                Name                               Link     Load   Length Selector   Space Scale
C:\Users\HASAN\AppData\Local\Temp\s8ho.o
                end_init                             12       12        3        8       0
                reset_vec                             0        0        3        0       0
                config                             2007     2007        1        0       4
dist/default/production\PIC16F877A_Enternal_Interrupts.X.production.o
                cinit                                15       15        C        8       0
                intentry                              4        4        E        8       0
                config                             2007     2007        1        0       4
                text15                              48E      48E       22      880       0
                text14                              4EC      4EC       1A      880       0
                text13                              506      506        D      880       0
                text12                              1D2      1D2       5F        8       0
                text11                              469      469       25      880       0
                text10                              33D      33D       52        8       0
                text9                               38F      38F       46        8       0
                text8                               4B0      4B0       20      880       0
                text7                               16F      16F       63        8       0
                text6                               440      440       29      880       0
                text5                               4D0      4D0       1C      880       0
                text4                               2E5      2E5       58        8       0
                text3                               28C      28C       59        8       0
                text2                               106      106       69        8       0
                text1                               231      231       5B        8       0
                maintext                             21       21       E5        8       0
                cstackBANK0                          20       20       1A       20       1
                cstackCOMMON                         70       70        C       70       1
                bssBANK0                             3A       3A        6       20       1
                strings                             400      400       40      800       0

TOTAL           Name                               Link     Load   Length     Space
        CLASS   STACK          

        CLASS   CODE           
                end_init                             12       12        3         0
                cinit                                15       15        C         0
                intentry                              4        4        E         0
                reset_vec                             0        0        3         0
                text15                              48E      48E       22         0
                text14                              4EC      4EC       1A         0
                text13                              506      506        D         0
                text12                              1D2      1D2       5F         0
                text11                              469      469       25         0
                text10                              33D      33D       52         0
                text9                               38F      38F       46         0
                text8                               4B0      4B0       20         0
                text7                               16F      16F       63         0
                text6                               440      440       29         0
                text5                               4D0      4D0       1C         0
                text4                               2E5      2E5       58         0
                text3                               28C      28C       59         0
                text2                               106      106       69         0
                text1                               231      231       5B         0
                maintext                             21       21       E5         0

        CLASS   STRCODE        

        CLASS   STRING         
                strings                             400      400       40         0

        CLASS   CONST          

        CLASS   ENTRY          

        CLASS   COMMON         
                cstackCOMMON                         70       70        C         1

        CLASS   BANK0          
                cstackBANK0                          20       20       1A         1
                bssBANK0                             3A       3A        6         1

        CLASS   BANK1          

        CLASS   BANK2          

        CLASS   BANK3          

        CLASS   RAM            

        CLASS   ABS1           
                abs_s1                               7E       7E        2         1

        CLASS   SFR0           

        CLASS   SFR1           

        CLASS   SFR2           

        CLASS   SFR3           

        CLASS   CONFIG         
                config                             2007     2007        1         4

        CLASS   IDLOC          

        CLASS   EEDATA         



SEGMENTS        Name                           Load    Length   Top    Selector   Space  Class     Delta

                reset_vec                      000000  000003  000003         0       0  CODE        2
                intentry                       000004  0003D1  0003D5         8       0  CODE        2
                cstackBANK0                    000020  000020  000040        20       1  BANK0       1
                cstackCOMMON                   000070  00000C  00007C        70       1  COMMON      1
                strings                        000400  000040  000440       800       0  STRING      2
                text6                          000440  0000D3  000513       880       0  CODE        2


UNUSED ADDRESS RANGES

        Name                Unused          Largest block    Delta
        BANK0            0040-006F             30           1
        BANK1            00A0-00EF             50           1
        BANK2            0110-016F             60           1
        BANK3            0190-01EF             60           1
        CODE             0003-0003              1           2
                         03D5-03FF             2B
                         0513-1FFF            800
        COMMON           007C-007D              2           1
        CONST            0003-0003              1           2
                         03D5-03FF             2B
                         0513-1FFF            100
        EEDATA           2100-21FF            100           2
        ENTRY            0003-0003              1           2
                         03D5-03FF             2B
                         0513-1FFF            100
        IDLOC            2000-2003              4           2
        RAM              0040-006F             30           1
                         00A0-00EF             50
                         0110-016F             60
                         0190-01EF             60
        SFR0             0000-001F             20           1
        SFR1             0080-009F             20           1
        SFR2             0100-010F             10           1
        SFR3             0180-018F             10           1
        STACK            0110-016F             60           1
        STRCODE          0003-0003              1           2
                         03D5-03FF             2B
                         0513-1FFF           1AED
        STRING           0003-0003              1           2
                         03D5-03FF             2B
                         0513-1FFF            100

                                  Symbol Table

?___awdiv                     cstackBANK0  0027
?___awmod                     cstackBANK0  0030
Lcd_Cmd@a                     cstackBANK0  002A
Lcd_Print_Char@Lower_Nibble   cstackBANK0  0029
Lcd_Print_Char@Upper_Nibble   cstackBANK0  002A
Lcd_Print_Char@data           cstackBANK0  002B
Lcd_Print_Char@i              cstackBANK0  002C
Lcd_Print_Char@i_114          cstackBANK0  002E
Lcd_Print_String@a            cstackBANK0  0032
Lcd_Print_String@i            cstackBANK0  0030
Lcd_SetBit@data_bit           cstackBANK0  0027
Lcd_Set_Cursor@a              cstackBANK0  002E
Lcd_Set_Cursor@b              cstackBANK0  002B
Lcd_Set_Cursor@temp           cstackBANK0  0031
Lcd_Set_Cursor@y              cstackBANK0  0030
Lcd_Set_Cursor@z              cstackBANK0  002F
_INTCONbits                   (abs)        000B
_INTF                         (abs)        0059
_ISR_example                  text9        038F
_Lcd_Clear                    text13       0506
_Lcd_Cmd                      text5        04D0
_Lcd_Print_Char               text7        016F
_Lcd_Print_String             text6        0440
_Lcd_SetBit                   text8        04B0
_Lcd_Set_Cursor               text4        02E5
_Lcd_Start                    text3        028C
_OPTION_REG                   (abs)        0081
_RD2                          (abs)        0042
_RD3                          (abs)        0043
_RD4                          (abs)        0044
_RD5                          (abs)        0045
_RD6                          (abs)        0046
_RD7                          (abs)        0047
_TRISBbits                    (abs)        0086
_TRISD                        (abs)        0088
__Habs1                       abs1         0000
__Hbank0                      bank0        0000
__Hbank1                      bank1        0000
__Hbank2                      bank2        0000
__Hbank3                      bank3        0000
__HbssBANK0                   bssBANK0     0000
__Hcinit                      cinit        0021
__Hclrtext                    clrtext      0000
__Hcode                       code         0000
__Hcommon                     common       0000
__Hconfig                     config       2008
__HcstackBANK0                cstackBANK0  0000
__HcstackCOMMON               cstackCOMMON 0000
__Heeprom_data                eeprom_data  0000
__Hend_init                   end_init     0015
__Hfunctab                    functab      0000
__Hinit                       init         0012
__Hintentry                   intentry     0012
__Hmaintext                   maintext     0000
__Hpowerup                    powerup      0000
__Hram                        ram          0000
__Hreset_vec                  reset_vec    0003
__Hsfr0                       sfr0         0000
__Hsfr1                       sfr1         0000
__Hsfr2                       sfr2         0000
__Hsfr3                       sfr3         0000
__Hspace_0                    (abs)        0513
__Hspace_1                    (abs)        007C
__Hspace_2                    (abs)        0000
__Hspace_3                    (abs)        0000
__Hspace_4                    (abs)        400F
__Hstack                      stack        0000
__Hstrings                    strings      0000
__Htext                       text         0000
__Labs1                       abs1         0000
__Lbank0                      bank0        0000
__Lbank1                      bank1        0000
__Lbank2                      bank2        0000
__Lbank3                      bank3        0000
__LbssBANK0                   bssBANK0     0000
__Lcinit                      cinit        0015
__Lclrtext                    clrtext      0000
__Lcode                       code         0000
__Lcommon                     common       0000
__Lconfig                     config       0000
__LcstackBANK0                cstackBANK0  0000
__LcstackCOMMON               cstackCOMMON 0000
__Leeprom_data                eeprom_data  0000
__Lend_init                   end_init     0012
__Lfunctab                    functab      0000
__Linit                       init         0012
__Lintentry                   intentry     0004
__Lmaintext                   maintext     0000
__Lpowerup                    powerup      0000
__Lram                        ram          0000
__Lreset_vec                  reset_vec    0000
__Lsfr0                       sfr0         0000
__Lsfr1                       sfr1         0000
__Lsfr2                       sfr2         0000
__Lsfr3                       sfr3         0000
__Lspace_0                    (abs)        0000
__Lspace_1                    (abs)        0000
__Lspace_2                    (abs)        0000
__Lspace_3                    (abs)        0000
__Lspace_4                    (abs)        0000
__Lstack                      stack        0000
__Lstrings                    strings      0000
__Ltext                       text         0000
__S0                          (abs)        0513
__S1                          (abs)        007C
__S2                          (abs)        0000
__S3                          (abs)        0000
___awdiv                      text2        0106
___awdiv@counter              cstackBANK0  002C
___awdiv@dividend             cstackBANK0  0029
___awdiv@divisor              cstackBANK0  0027
___awdiv@quotient             cstackBANK0  002E
___awdiv@sign                 cstackBANK0  002D
___awmod                      text1        0231
___awmod@counter              cstackBANK0  0035
___awmod@dividend             cstackBANK0  0032
___awmod@divisor              cstackBANK0  0030
___awmod@sign                 cstackBANK0  0036
___int_sp                     stack        0000
___latbits                    (abs)        0002
___sp                         stack        0000
___stackhi                    (abs)        0000
___stacklo                    (abs)        0000
__end_of_ISR_example          text9        03D5
__end_of_Lcd_Clear            text13       0513
__end_of_Lcd_Cmd              text5        04EC
__end_of_Lcd_Print_Char       text7        01D2
__end_of_Lcd_Print_String     text6        0469
__end_of_Lcd_SetBit           text8        04D0
__end_of_Lcd_Set_Cursor       text4        033D
__end_of_Lcd_Start            text3        02E5
__end_of___awdiv              text2        016F
__end_of___awmod              text1        028C
__end_of__initialization      cinit        001D
__end_of__stringtab           strings      0406
__end_of_main                 maintext     0106
__end_ofi1_Lcd_Cmd            text14       0506
__end_ofi1_Lcd_Print_Char     text12       0231
__end_ofi1_Lcd_Print_String   text11       048E
__end_ofi1_Lcd_SetBit         text15       04B0
__end_ofi1_Lcd_Set_Cursor     text10       038F
__initialization              cinit        0015
__pbssBANK0                   bssBANK0     003A
__pcstackBANK0                cstackBANK0  0020
__pcstackCOMMON               cstackCOMMON 0070
__pintentry                   intentry     0004
__pmaintext                   maintext     0021
__pstrings                    strings      0400
__ptext1                      text1        0231
__ptext10                     text10       033D
__ptext11                     text11       0469
__ptext12                     text12       01D2
__ptext13                     text13       0506
__ptext14                     text14       04EC
__ptext15                     text15       048E
__ptext2                      text2        0106
__ptext3                      text3        028C
__ptext4                      text4        02E5
__ptext5                      text5        04D0
__ptext6                      text6        0440
__ptext7                      text7        016F
__ptext8                      text8        04B0
__ptext9                      text9        038F
__size_of_ISR_example         (abs)        0000
__size_of_Lcd_Clear           (abs)        0000
__size_of_Lcd_Cmd             (abs)        0000
__size_of_Lcd_Print_Char      (abs)        0000
__size_of_Lcd_Print_String    (abs)        0000
__size_of_Lcd_SetBit          (abs)        0000
__size_of_Lcd_Set_Cursor      (abs)        0000
__size_of_Lcd_Start           (abs)        0000
__size_of___awdiv             (abs)        0000
__size_of___awmod             (abs)        0000
__size_of_main                (abs)        0000
__size_ofi1_Lcd_Cmd           (abs)        0000
__size_ofi1_Lcd_Print_Char    (abs)        0000
__size_ofi1_Lcd_Print_String  (abs)        0000
__size_ofi1_Lcd_SetBit        (abs)        0000
__size_ofi1_Lcd_Set_Cursor    (abs)        0000
__stringbase                  strings      0405
__stringtab                   strings      0400
_ch1                          bssBANK0     003F
_ch2                          bssBANK0     003E
_ch3                          bssBANK0     003D
_ch4                          bssBANK0     003C
_main                         maintext     0021
_number                       bssBANK0     003A
btemp                         (abs)        007E
end_of_initialization         cinit        001D
i1Lcd_Cmd@a                   cstackCOMMON 0073
i1Lcd_Print_Char@Lower_Nibble cstackCOMMON 0072
i1Lcd_Print_Char@Upper_Nibble cstackCOMMON 0073
i1Lcd_Print_Char@data         cstackCOMMON 0074
i1Lcd_Print_Char@i            cstackCOMMON 0075
i1Lcd_Print_Char@i_114        cstackCOMMON 0077
i1Lcd_Print_String@a          cstackCOMMON 0079
i1Lcd_Print_String@i          cstackCOMMON 007A
i1Lcd_SetBit@data_bit         cstackCOMMON 0070
i1Lcd_Set_Cursor@a            cstackCOMMON 0077
i1Lcd_Set_Cursor@b            cstackCOMMON 0074
i1Lcd_Set_Cursor@temp         cstackCOMMON 007A
i1Lcd_Set_Cursor@y            cstackCOMMON 0079
i1Lcd_Set_Cursor@z            cstackCOMMON 0078
i1_Lcd_Cmd                    text14       04EC
i1_Lcd_Print_Char             text12       01D2
i1_Lcd_Print_String           text11       0469
i1_Lcd_SetBit                 text15       048E
i1_Lcd_Set_Cursor             text10       033D
interrupt_function            intentry     0004
intlevel0                     functab      0000
intlevel1                     functab      0000
intlevel2                     functab      0000
intlevel3                     functab      0000
intlevel4                     functab      0000
intlevel5                     functab      0000
reset_vec                     reset_vec    0000
saved_w                       (abs)        007E
start                         init         0012
start_initialization          cinit        0015
wtemp0                        (abs)        007E


FUNCTION INFORMATION:

 *************** function _main *****************
 Defined at:
		line 32 in file "main.c"
 Parameters:    Size  Location     Type
		None
 Auto vars:     Size  Location     Type
		None
 Return value:  Size  Location     Type
                  1    wreg      void 
 Registers used:
		wreg, fsr0l, fsr0h, status,2, status,0, btemp+1, pclath, cstack
 Tracked objects:
		On entry : 
		On exit  : 
		Unchanged: 
 Data sizes:     COMMON   BANK0   BANK1   BANK3   BANK2
      Params:         0       0       0       0       0
      Locals:         0       0       0       0       0
      Temps:          0       3       0       0       0
      Totals:         0       3       0       0       0
Total ram usage:        3 bytes
 Hardware stack levels required when called:    7
 This function calls:
		_Lcd_Print_Char
		_Lcd_Print_String
		_Lcd_Set_Cursor
		_Lcd_Start
		___awdiv
		___awmod
 This function is called by:
		Startup code after reset
 This function uses a non-reentrant model


 *************** function ___awmod *****************
 Defined at:
		line 5 in file "C:\Program Files\Microchip\xc8\v2.31\pic\sources\c90\common\awmod.c"
 Parameters:    Size  Location     Type
  divisor         2   16[BANK0 ] int 
  dividend        2   18[BANK0 ] int 
 Auto vars:     Size  Location     Type
  sign            1   22[BANK0 ] unsigned char 
  counter         1   21[BANK0 ] unsigned char 
 Return value:  Size  Location     Type
                  2   16[BANK0 ] int 
 Registers used:
		wreg, status,2, status,0
 Tracked objects:
		On entry : 
		On exit  : 
		Unchanged: 
 Data sizes:     COMMON   BANK0   BANK1   BANK3   BANK2
      Params:         0       4       0       0       0
      Locals:         0       2       0       0       0
      Temps:          0       1       0       0       0
      Totals:         0       7       0       0       0
Total ram usage:        7 bytes
 Hardware stack levels used:    1
 Hardware stack levels required when called:    4
 This function calls:
		Nothing
 This function is called by:
		_main
 This function uses a non-reentrant model


 *************** function ___awdiv *****************
 Defined at:
		line 5 in file "C:\Program Files\Microchip\xc8\v2.31\pic\sources\c90\common\awdiv.c"
 Parameters:    Size  Location     Type
  divisor         2    7[BANK0 ] int 
  dividend        2    9[BANK0 ] int 
 Auto vars:     Size  Location     Type
  quotient        2   14[BANK0 ] int 
  sign            1   13[BANK0 ] unsigned char 
  counter         1   12[BANK0 ] unsigned char 
 Return value:  Size  Location     Type
                  2    7[BANK0 ] int 
 Registers used:
		wreg, status,2, status,0
 Tracked objects:
		On entry : 
		On exit  : 
		Unchanged: 
 Data sizes:     COMMON   BANK0   BANK1   BANK3   BANK2
      Params:         0       4       0       0       0
      Locals:         0       4       0       0       0
      Temps:          0       1       0       0       0
      Totals:         0       9       0       0       0
Total ram usage:        9 bytes
 Hardware stack levels used:    1
 Hardware stack levels required when called:    4
 This function calls:
		Nothing
 This function is called by:
		_main
 This function uses a non-reentrant model


 *************** function _Lcd_Start *****************
 Defined at:
		line 71 in file "./lcd.h"
 Parameters:    Size  Location     Type
		None
 Auto vars:     Size  Location     Type
  i               2    0        int 
 Return value:  Size  Location     Type
                  1    wreg      void 
 Registers used:
		wreg, status,2, status,0, pclath, cstack
 Tracked objects:
		On entry : 
		On exit  : 
		Unchanged: 
 Data sizes:     COMMON   BANK0   BANK1   BANK3   BANK2
      Params:         0       0       0       0       0
      Locals:         0       2       0       0       0
      Temps:          0       2       0       0       0
      Totals:         0       4       0       0       0
Total ram usage:        4 bytes
 Hardware stack levels used:    1
 Hardware stack levels required when called:    6
 This function calls:
		_Lcd_Cmd
		_Lcd_SetBit
 This function is called by:
		_main
 This function uses a non-reentrant model


 *************** function _Lcd_Set_Cursor *****************
 Defined at:
		line 50 in file "./lcd.h"
 Parameters:    Size  Location     Type
  a               1    wreg     unsigned char 
  b               1   11[BANK0 ] unsigned char 
 Auto vars:     Size  Location     Type
  a               1   14[BANK0 ] unsigned char 
  temp            1   17[BANK0 ] unsigned char 
  y               1   16[BANK0 ] unsigned char 
  z               1   15[BANK0 ] unsigned char 
 Return value:  Size  Location     Type
                  1    wreg      void 
 Registers used:
		wreg, status,2, status,0, pclath, cstack
 Tracked objects:
		On entry : 
		On exit  : 
		Unchanged: 
 Data sizes:     COMMON   BANK0   BANK1   BANK3   BANK2
      Params:         0       1       0       0       0
      Locals:         0       4       0       0       0
      Temps:          0       2       0       0       0
      Totals:         0       7       0       0       0
Total ram usage:        7 bytes
 Hardware stack levels used:    1
 Hardware stack levels required when called:    6
 This function calls:
		_Lcd_Cmd
 This function is called by:
		_main
 This function uses a non-reentrant model


 *************** function _Lcd_Cmd *****************
 Defined at:
		line 35 in file "./lcd.h"
 Parameters:    Size  Location     Type
  a               1    wreg     unsigned char 
 Auto vars:     Size  Location     Type
  a               1   10[BANK0 ] unsigned char 
 Return value:  Size  Location     Type
                  1    wreg      void 
 Registers used:
		wreg, status,2, status,0, pclath, cstack
 Tracked objects:
		On entry : 
		On exit  : 
		Unchanged: 
 Data sizes:     COMMON   BANK0   BANK1   BANK3   BANK2
      Params:         0       0       0       0       0
      Locals:         0       1       0       0       0
      Temps:          0       2       0       0       0
      Totals:         0       3       0       0       0
Total ram usage:        3 bytes
 Hardware stack levels used:    1
 Hardware stack levels required when called:    5
 This function calls:
		_Lcd_SetBit
 This function is called by:
		_Lcd_Set_Cursor
		_Lcd_Start
 This function uses a non-reentrant model


 *************** function _Lcd_Print_String *****************
 Defined at:
		line 105 in file "./lcd.h"
 Parameters:    Size  Location     Type
  a               1    wreg     PTR unsigned char 
		 -> STR_4(9), STR_3(17), STR_2(16), STR_1(16), 
 Auto vars:     Size  Location     Type
  a               1   18[BANK0 ] PTR unsigned char 
		 -> STR_4(9), STR_3(17), STR_2(16), STR_1(16), 
  i               2   16[BANK0 ] int 
 Return value:  Size  Location     Type
                  1    wreg      void 
 Registers used:
		wreg, fsr0l, fsr0h, status,2, status,0, btemp+1, pclath, cstack
 Tracked objects:
		On entry : 
		On exit  : 
		Unchanged: 
 Data sizes:     COMMON   BANK0   BANK1   BANK3   BANK2
      Params:         0       0       0       0       0
      Locals:         0       3       0       0       0
      Temps:          0       0       0       0       0
      Totals:         0       3       0       0       0
Total ram usage:        3 bytes
 Hardware stack levels used:    1
 Hardware stack levels required when called:    6
 This function calls:
		_Lcd_Print_Char
 This function is called by:
		_main
 This function uses a non-reentrant model


 *************** function _Lcd_Print_Char *****************
 Defined at:
		line 89 in file "./lcd.h"
 Parameters:    Size  Location     Type
  data            1    wreg     unsigned char 
 Auto vars:     Size  Location     Type
  data            1   11[BANK0 ] unsigned char 
  i               2   14[BANK0 ] int 
  i               2   12[BANK0 ] int 
  Upper_Nibble    1   10[BANK0 ] unsigned char 
  Lower_Nibble    1    9[BANK0 ] unsigned char 
 Return value:  Size  Location     Type
                  1    wreg      void 
 Registers used:
		wreg, status,2, status,0, btemp+1, pclath, cstack
 Tracked objects:
		On entry : 
		On exit  : 
		Unchanged: 
 Data sizes:     COMMON   BANK0   BANK1   BANK3   BANK2
      Params:         0       0       0       0       0
      Locals:         0       7       0       0       0
      Temps:          0       1       0       0       0
      Totals:         0       8       0       0       0
Total ram usage:        8 bytes
 Hardware stack levels used:    1
 Hardware stack levels required when called:    5
 This function calls:
		_Lcd_SetBit
 This function is called by:
		_Lcd_Print_String
		_main
 This function uses a non-reentrant model


 *************** function _Lcd_SetBit *****************
 Defined at:
		line 12 in file "./lcd.h"
 Parameters:    Size  Location     Type
  data_bit        1    wreg     unsigned char 
 Auto vars:     Size  Location     Type
  data_bit        1    7[BANK0 ] unsigned char 
 Return value:  Size  Location     Type
                  1    wreg      void 
 Registers used:
		wreg
 Tracked objects:
		On entry : 
		On exit  : 
		Unchanged: 
 Data sizes:     COMMON   BANK0   BANK1   BANK3   BANK2
      Params:         0       0       0       0       0
      Locals:         0       1       0       0       0
      Temps:          0       0       0       0       0
      Totals:         0       1       0       0       0
Total ram usage:        1 bytes
 Hardware stack levels used:    1
 Hardware stack levels required when called:    4
 This function calls:
		Nothing
 This function is called by:
		_Lcd_Cmd
		_Lcd_Start
		_Lcd_Print_Char
 This function uses a non-reentrant model


 *************** function _ISR_example *****************
 Defined at:
		line 17 in file "main.c"
 Parameters:    Size  Location     Type
		None
 Auto vars:     Size  Location     Type
		None
 Return value:  Size  Location     Type
                  1    wreg      void 
 Registers used:
		wreg, fsr0l, fsr0h, status,2, status,0, btemp+1, pclath, cstack
 Tracked objects:
		On entry : 
		On exit  : 
		Unchanged: 
 Data sizes:     COMMON   BANK0   BANK1   BANK3   BANK2
      Params:         0       0       0       0       0
      Locals:         0       0       0       0       0
      Temps:          0       7       0       0       0
      Totals:         0       7       0       0       0
Total ram usage:        7 bytes
 Hardware stack levels used:    1
 Hardware stack levels required when called:    3
 This function calls:
		_Lcd_Clear
		i1_Lcd_Print_String
		i1_Lcd_Set_Cursor
 This function is called by:
		Interrupt level 1
 This function uses a non-reentrant model


 *************** function i1_Lcd_Set_Cursor *****************
 Defined at:
		line 50 in file "./lcd.h"
 Parameters:    Size  Location     Type
  a               1    wreg     unsigned char 
  b               1    4[COMMON] unsigned char 
 Auto vars:     Size  Location     Type
  a               1    7[COMMON] unsigned char 
  temp            1   10[COMMON] unsigned char 
  y               1    9[COMMON] unsigned char 
  z               1    8[COMMON] unsigned char 
 Return value:  Size  Location     Type
                  1    wreg      void 
 Registers used:
		wreg, status,2, status,0, pclath, cstack
 Tracked objects:
		On entry : 
		On exit  : 
		Unchanged: 
 Data sizes:     COMMON   BANK0   BANK1   BANK3   BANK2
      Params:         1       0       0       0       0
      Locals:         4       0       0       0       0
      Temps:          2       0       0       0       0
      Totals:         7       0       0       0       0
Total ram usage:        7 bytes
 Hardware stack levels used:    1
 Hardware stack levels required when called:    2
 This function calls:
		i1_Lcd_Cmd
 This function is called by:
		_ISR_example
 This function uses a non-reentrant model


 *************** function i1_Lcd_Print_String *****************
 Defined at:
		line 105 in file "./lcd.h"
 Parameters:    Size  Location     Type
  a               1    wreg     PTR unsigned char 
		 -> STR_4(9), STR_3(17), STR_2(16), STR_1(16), 
 Auto vars:     Size  Location     Type
  a               1    9[COMMON] PTR unsigned char 
		 -> STR_4(9), STR_3(17), STR_2(16), STR_1(16), 
  i               2   10[COMMON] int 
 Return value:  Size  Location     Type
                  1    wreg      void 
 Registers used:
		wreg, fsr0l, fsr0h, status,2, status,0, btemp+1, pclath, cstack
 Tracked objects:
		On entry : 
		On exit  : 
		Unchanged: 
 Data sizes:     COMMON   BANK0   BANK1   BANK3   BANK2
      Params:         0       0       0       0       0
      Locals:         3       0       0       0       0
      Temps:          0       0       0       0       0
      Totals:         3       0       0       0       0
Total ram usage:        3 bytes
 Hardware stack levels used:    1
 Hardware stack levels required when called:    2
 This function calls:
		i1_Lcd_Print_Char
 This function is called by:
		_ISR_example
 This function uses a non-reentrant model


 *************** function i1_Lcd_Print_Char *****************
 Defined at:
		line 89 in file "./lcd.h"
 Parameters:    Size  Location     Type
  data            1    wreg     unsigned char 
 Auto vars:     Size  Location     Type
  data            1    4[COMMON] unsigned char 
  i               2    7[COMMON] int 
  i               2    5[COMMON] int 
  Upper_Nibble    1    3[COMMON] unsigned char 
  Lower_Nibble    1    2[COMMON] unsigned char 
 Return value:  Size  Location     Type
                  1    wreg      void 
 Registers used:
		wreg, status,2, status,0, btemp+1, pclath, cstack
 Tracked objects:
		On entry : 
		On exit  : 
		Unchanged: 
 Data sizes:     COMMON   BANK0   BANK1   BANK3   BANK2
      Params:         0       0       0       0       0
      Locals:         7       0       0       0       0
      Temps:          1       0       0       0       0
      Totals:         8       0       0       0       0
Total ram usage:        8 bytes
 Hardware stack levels used:    1
 Hardware stack levels required when called:    1
 This function calls:
		i1_Lcd_SetBit
 This function is called by:
		i1_Lcd_Print_String
 This function uses a non-reentrant model


 *************** function _Lcd_Clear *****************
 Defined at:
		line 44 in file "./lcd.h"
 Parameters:    Size  Location     Type
		None
 Auto vars:     Size  Location     Type
		None
 Return value:  Size  Location     Type
                  2   42[None  ] int 
 Registers used:
		wreg, status,2, status,0, pclath, cstack
 Tracked objects:
		On entry : 
		On exit  : 
		Unchanged: 
 Data sizes:     COMMON   BANK0   BANK1   BANK3   BANK2
      Params:         0       0       0       0       0
      Locals:         0       0       0       0       0
      Temps:          0       0       0       0       0
      Totals:         0       0       0       0       0
Total ram usage:        0 bytes
 Hardware stack levels used:    1
 Hardware stack levels required when called:    2
 This function calls:
		i1_Lcd_Cmd
 This function is called by:
		_ISR_example
 This function uses a non-reentrant model


 *************** function i1_Lcd_Cmd *****************
 Defined at:
		line 35 in file "./lcd.h"
 Parameters:    Size  Location     Type
  a               1    wreg     unsigned char 
 Auto vars:     Size  Location     Type
  a               1    3[COMMON] unsigned char 
 Return value:  Size  Location     Type
                  1    wreg      void 
 Registers used:
		wreg, status,2, status,0, pclath, cstack
 Tracked objects:
		On entry : 
		On exit  : 
		Unchanged: 
 Data sizes:     COMMON   BANK0   BANK1   BANK3   BANK2
      Params:         0       0       0       0       0
      Locals:         1       0       0       0       0
      Temps:          2       0       0       0       0
      Totals:         3       0       0       0       0
Total ram usage:        3 bytes
 Hardware stack levels used:    1
 Hardware stack levels required when called:    1
 This function calls:
		i1_Lcd_SetBit
 This function is called by:
		_Lcd_Clear
		i1_Lcd_Set_Cursor
 This function uses a non-reentrant model


 *************** function i1_Lcd_SetBit *****************
 Defined at:
		line 12 in file "./lcd.h"
 Parameters:    Size  Location     Type
  data_bit        1    wreg     unsigned char 
 Auto vars:     Size  Location     Type
  data_bit        1    0[COMMON] unsigned char 
 Return value:  Size  Location     Type
                  1    wreg      void 
 Registers used:
		wreg
 Tracked objects:
		On entry : 
		On exit  : 
		Unchanged: 
 Data sizes:     COMMON   BANK0   BANK1   BANK3   BANK2
      Params:         0       0       0       0       0
      Locals:         1       0       0       0       0
      Temps:          0       0       0       0       0
      Totals:         1       0       0       0       0
Total ram usage:        1 bytes
 Hardware stack levels used:    1
 This function calls:
		Nothing
 This function is called by:
		i1_Lcd_Cmd
		i1_Lcd_Print_Char
 This function uses a non-reentrant model



MODULE INFORMATION

Module		Function		Class		Link	Load	Size
C:\Program Files\Microchip\xc8\v2.31\pic\sources\c90\common\awmod.c
		___awmod       		CODE           	0231	0000	91

C:\Program Files\Microchip\xc8\v2.31\pic\sources\c90\common\awmod.c estimated size: 91

./lcd.h
		_Lcd_Cmd       		CODE           	04D0	0000	28
		_Lcd_SetBit    		CODE           	04B0	0000	32
		_Lcd_Start     		CODE           	028C	0000	89
		_Lcd_Set_Cursor		CODE           	02E5	0000	88
		_Lcd_Clear     		CODE           	0506	0000	13
		_Lcd_Print_String		CODE           	0440	0000	41
		_Lcd_Print_Char		CODE           	016F	0000	99

./lcd.h estimated size: 390

C:\Program Files\Microchip\xc8\v2.31\pic\sources\c90\common\awdiv.c
		___awdiv       		CODE           	0106	0000	105

C:\Program Files\Microchip\xc8\v2.31\pic\sources\c90\common\awdiv.c estimated size: 105

shared
		__stringtab    		STRING         	0400	0000	6
		i1_Lcd_Cmd     		CODE           	04EC	0000	26
		__initialization		CODE           	0015	0000	8
		i1_Lcd_Print_Char		CODE           	01D2	0000	95
		i1_Lcd_SetBit  		CODE           	048E	0000	34
		i1_Lcd_Set_Cursor		CODE           	033D	0000	82
		i1_Lcd_Print_String		CODE           	0469	0000	37

shared estimated size: 288

main.c
		_main          		CODE           	0021	0000	229
		_ISR_example   		CODE           	038F	0000	70

main.c estimated size: 299

